

================================================================
== Vivado HLS Report for 'bn_qurelu'
================================================================
* Date:           Mon Sep  6 00:44:09 2021

* Version:        2019.2.1 (Build 2724168 on Thu Dec 05 05:19:09 MST 2019)
* Project:        ultranet
* Solution:       solution1
* Product family: virtexuplus
* Target device:  xcu280-fsvh2892-2L-e


================================================================
== Performance Estimates
================================================================
+ Timing: 
    * Summary: 
    +--------+---------+----------+------------+
    |  Clock |  Target | Estimated| Uncertainty|
    +--------+---------+----------+------------+
    |ap_clk  | 5.00 ns | 3.839 ns |   0.62 ns  |
    +--------+---------+----------+------------+

+ Latency: 
    * Summary: 
    +---------+---------+----------+----------+-----+-----+----------+
    |  Latency (cycles) |  Latency (absolute) |  Interval | Pipeline |
    |   min   |   max   |    min   |    max   | min | max |   Type   |
    +---------+---------+----------+----------+-----+-----+----------+
    |        1|        1| 5.000 ns | 5.000 ns |    1|    1| function |
    +---------+---------+----------+----------+-----+-----+----------+

    + Detail: 
        * Instance: 
        N/A

        * Loop: 
        N/A



================================================================
== Utilization Estimates
================================================================
* Summary: 
+---------------------+---------+-------+---------+---------+-----+
|         Name        | BRAM_18K| DSP48E|    FF   |   LUT   | URAM|
+---------------------+---------+-------+---------+---------+-----+
|DSP                  |        -|      -|        -|        -|    -|
|Expression           |        -|      2|        0|      125|    -|
|FIFO                 |        -|      -|        -|        -|    -|
|Instance             |        -|      -|        -|        -|    -|
|Memory               |        -|      -|        -|        -|    -|
|Multiplexer          |        -|      -|        -|        9|    -|
|Register             |        -|      -|       37|        -|    -|
+---------------------+---------+-------+---------+---------+-----+
|Total                |        0|      2|       37|      134|    0|
+---------------------+---------+-------+---------+---------+-----+
|Available SLR        |     1344|   3008|   869120|   434560|  320|
+---------------------+---------+-------+---------+---------+-----+
|Utilization SLR (%)  |        0|   ~0  |    ~0   |    ~0   |    0|
+---------------------+---------+-------+---------+---------+-----+
|Available            |     4032|   9024|  2607360|  1303680|  960|
+---------------------+---------+-------+---------+---------+-----+
|Utilization (%)      |        0|   ~0  |    ~0   |    ~0   |    0|
+---------------------+---------+-------+---------+---------+-----+

+ Detail: 
    * Instance: 
    N/A

    * DSP48E: 
    N/A

    * Memory: 
    N/A

    * FIFO: 
    N/A

    * Expression: 
    +-------------------------+----------+-------+---+----+------------+------------+
    |      Variable Name      | Operation| DSP48E| FF| LUT| Bitwidth P0| Bitwidth P1|
    +-------------------------+----------+-------+---+----+------------+------------+
    |mul_ln68_fu_56_p2        |     *    |      2|  0|  20|          32|          16|
    |bn_res_V_fu_66_p2        |     +    |      0|  0|  32|          32|          32|
    |ret_V_fu_77_p2           |     +    |      0|  0|  32|          19|          32|
    |icmp_ln895_159_fu_92_p2  |   icmp   |      0|  0|  13|           9|           1|
    |icmp_ln895_fu_72_p2      |   icmp   |      0|  0|  20|          32|           1|
    |res_V_fu_116_p3          |  select  |      0|  0|   4|           1|           4|
    |select_ln144_fu_108_p3   |  select  |      0|  0|   4|           1|           2|
    +-------------------------+----------+-------+---+----+------------+------------+
    |Total                    |          |      2|  0| 125|         126|          88|
    +-------------------------+----------+-------+---+----+------------+------------+

    * Multiplexer: 
    +-----------+----+-----------+-----+-----------+
    |    Name   | LUT| Input Size| Bits| Total Bits|
    +-----------+----+-----------+-----+-----------+
    |ap_return  |   9|          2|    4|          8|
    +-----------+----+-----------+-----+-----------+
    |Total      |   9|          2|    4|          8|
    +-----------+----+-----------+-----+-----------+

    * Register: 
    +-------------------+----+----+-----+-----------+
    |        Name       | FF | LUT| Bits| Const Bits|
    +-------------------+----+----+-----+-----------+
    |ap_ce_reg          |   1|   0|    1|          0|
    |ap_return_int_reg  |   4|   0|    4|          0|
    |bn_res_V_reg_124   |  32|   0|   32|          0|
    +-------------------+----+----+-----+-----------+
    |Total              |  37|   0|   37|          0|
    +-------------------+----+----+-----+-----------+



================================================================
== Interface
================================================================
* Summary: 
+-----------+-----+-----+------------+--------------+--------------+
| RTL Ports | Dir | Bits|  Protocol  | Source Object|    C Type    |
+-----------+-----+-----+------------+--------------+--------------+
|ap_clk     |  in |    1| ap_ctrl_hs |   bn_qurelu  | return value |
|ap_rst     |  in |    1| ap_ctrl_hs |   bn_qurelu  | return value |
|ap_return  | out |    4| ap_ctrl_hs |   bn_qurelu  | return value |
|ap_ce      |  in |    1| ap_ctrl_hs |   bn_qurelu  | return value |
|in_V       |  in |   32|   ap_none  |     in_V     |    scalar    |
|inc_V      |  in |   16|   ap_none  |     inc_V    |    scalar    |
|bias_V     |  in |   26|   ap_none  |    bias_V    |    scalar    |
+-----------+-----+-----+------------+--------------+--------------+

